2026-07-21 22:38:51,297 | INFO | ================================================================================
2026-07-21 22:38:51,299 | INFO | PHASE 3 KPI CALCULATION STARTED
2026-07-21 22:38:51,300 | INFO | ================================================================================
2026-07-21 22:38:54,946 | INFO | Datasets Loaded Successfully
2026-07-21 22:38:56,411 | INFO | Merged Dataset Created
2026-07-21 22:38:56,454 | INFO | Total Subscribers : 15000
2026-07-21 22:38:56,476 | INFO | Active Subscribers : 11199
2026-07-21 22:38:56,499 | INFO | Active Rate : 74.66%
2026-07-21 22:38:56,552 | INFO | Churned Subscribers : 15000
2026-07-21 22:38:56,579 | INFO | Churn Rate : 100.0%
2026-07-21 22:38:56,680 | INFO | Total Watch Hours : 3333467.73
2026-07-21 22:38:56,709 | INFO | Average Watch Hours : 5.13
2026-07-21 22:38:56,765 | INFO | Completion Rate : 65.31%
2026-07-21 22:38:56,800 | INFO | Monthly Revenue : $227772.0
2026-07-21 22:38:56,909 | INFO | MRR : $175868.51
2026-07-21 22:38:56,999 | INFO | ARPU : $15.7
2026-07-21 22:38:57,482 | INFO | Total Titles : 9000
2026-07-21 22:38:57,541 | INFO | Movies : 5336
2026-07-21 22:38:57,560 | INFO | TV Shows : 3664
2026-07-21 22:38:57,581 | INFO | Original Titles : 1966
2026-07-21 22:38:57,599 | INFO | Licensed Titles : 7034
2026-07-21 22:38:57,616 | INFO | Average Rating : 3.55
2026-07-21 22:38:57,637 | INFO | Reviews : 110000
2026-07-21 22:38:57,658 | INFO | Watchlist Items : 65000
2026-07-21 22:38:57,724 | INFO | KPI Summary Exported
2026-07-21 22:38:58,791 | INFO | Revenue by Plan Calculated
2026-07-21 22:40:46,040 | INFO | Country KPI Created
2026-07-21 22:41:08,008 | INFO | Country KPI Created
2026-07-21 22:41:18,831 | INFO | Watchlist Conversion : 46.23%
2026-07-21 22:41:20,329 | INFO | Original Share : 27.17%
2026-07-21 22:41:24,608 | INFO | Average Watch Time : 222.26
2026-07-21 22:41:34,412 | INFO | Updated KPI Summary Exported
2026-07-21 22:41:38,972 | INFO | Using categorical units to plot a list of strings that are all parsable as floats or dates. If these strings should be plotted as numbers, cast to the appropriate data type before plotting.
2026-07-21 22:41:38,979 | INFO | Using categorical units to plot a list of strings that are all parsable as floats or dates. If these strings should be plotted as numbers, cast to the appropriate data type before plotting.
2026-07-21 22:41:40,672 | INFO | Monthly Revenue Trend Generated
2026-07-21 22:41:45,563 | INFO | Using categorical units to plot a list of strings that are all parsable as floats or dates. If these strings should be plotted as numbers, cast to the appropriate data type before plotting.
2026-07-21 22:41:45,576 | INFO | Using categorical units to plot a list of strings that are all parsable as floats or dates. If these strings should be plotted as numbers, cast to the appropriate data type before plotting.
2026-07-21 22:41:51,720 | INFO | Using categorical units to plot a list of strings that are all parsable as floats or dates. If these strings should be plotted as numbers, cast to the appropriate data type before plotting.
2026-07-21 22:41:51,726 | INFO | Using categorical units to plot a list of strings that are all parsable as floats or dates. If these strings should be plotted as numbers, cast to the appropriate data type before plotting.
2026-07-21 22:42:05,174 | INFO | Using categorical units to plot a list of strings that are all parsable as floats or dates. If these strings should be plotted as numbers, cast to the appropriate data type before plotting.
2026-07-21 22:42:05,181 | INFO | Using categorical units to plot a list of strings that are all parsable as floats or dates. If these strings should be plotted as numbers, cast to the appropriate data type before plotting.
2026-07-21 22:42:17,400 | INFO | Executive KPI Exported
2026-07-21 22:42:25,025 | INFO | Executive Report Generated
2026-07-21 22:42:28,617 | INFO | Cohort Dataset Created
2026-07-21 22:42:30,005 | INFO | Cohort Summary Exported
2026-07-21 22:42:32,138 | INFO | Using categorical units to plot a list of strings that are all parsable as floats or dates. If these strings should be plotted as numbers, cast to the appropriate data type before plotting.
2026-07-21 22:42:32,144 | INFO | Using categorical units to plot a list of strings that are all parsable as floats or dates. If these strings should be plotted as numbers, cast to the appropriate data type before plotting.
2026-07-21 22:42:36,292 | INFO | Hit Concentration : 50.6%
2026-07-21 22:42:39,256 | INFO | Original Content Share : 21.84%
2026-07-21 22:42:42,496 | INFO | Executive Scorecard Exported
2026-07-21 22:42:47,111 | INFO | Management Summary Generated
2026-07-21 22:42:48,780 | INFO | ================================================================================
2026-07-21 22:42:48,782 | INFO | PHASE 3 COMPLETED SUCCESSFULLY
2026-07-21 22:42:48,783 | INFO | ================================================================================
